12-09 19:56:21.853 12017 12068 I flutter : network-time: index 16 in 82
12-09 19:56:21.859 12017 12017 D MainActivity: in-plugin-processing-score: index 16 at 1733784981858
12-09 19:56:22.204 12017 12017 D CowBodyConditionScore: python-preprocessing-time-processing-score: index 16 in 115
12-09 19:56:22.204 12017 12017 D CowBodyConditionScore: detection-time-processing-score: index 16 in 219
12-09 19:56:22.204 12017 12017 D CowBodyConditionScore: job-processing-score: index 16 in 345
12-09 19:56:22.237 12017 12068 I flutter : before-plugin-processing-score: index 16 at 1733784981858
12-09 19:56:22.237 12017 12068 I flutter : saving-image-pre-processing-score: index 16 in 4
12-09 19:56:22.237 12017 12068 I flutter : calling-plugin-processing-score: index 16 calculate scored was called
12-09 19:56:22.237 12017 12068 I flutter : completed-processing-score: index 16 in 374 ms
12-09 19:56:22.835 12017 12068 I flutter : network-time: index 17 in -10
12-09 19:56:22.850 12017 12017 D MainActivity: in-plugin-processing-score: index 17 at 1733784982850
12-09 19:56:23.181 12017 12017 D CowBodyConditionScore: python-preprocessing-time-processing-score: index 17 in 112
12-09 19:56:23.181 12017 12017 D CowBodyConditionScore: detection-time-processing-score: index 17 in 205
12-09 19:56:23.181 12017 12017 D CowBodyConditionScore: job-processing-score: index 17 in 331
12-09 19:56:23.184 12017 12068 I flutter : before-plugin-processing-score: index 17 at 1733784982849
12-09 19:56:23.184 12017 12068 I flutter : saving-image-pre-processing-score: index 17 in 14
12-09 19:56:23.184 12017 12068 I flutter : calling-plugin-processing-score: index 17 calculate scored was called
12-09 19:56:23.184 12017 12068 I flutter : completed-processing-score: index 17 in 346 ms
12-09 19:56:23.970 12017 12068 I flutter : network-time: index 18 in 7
12-09 19:56:23.974 12017 12017 D MainActivity: in-plugin-processing-score: index 18 at 1733784983974
12-09 19:56:24.343 12017 12017 D CowBodyConditionScore: python-preprocessing-time-processing-score: index 18 in 155
12-09 19:56:24.343 12017 12017 D CowBodyConditionScore: detection-time-processing-score: index 18 in 199
12-09 19:56:24.343 12017 12017 D CowBodyConditionScore: job-processing-score: index 18 in 369
12-09 19:56:24.347 12017 12068 I flutter : before-plugin-processing-score: index 18 at 1733784983974
12-09 19:56:24.347 12017 12068 I flutter : saving-image-pre-processing-score: index 18 in 4
12-09 19:56:24.347 12017 12068 I flutter : calling-plugin-processing-score: index 18 calculate scored was called
12-09 19:56:24.347 12017 12068 I flutter : completed-processing-score: index 18 in 373 ms
12-09 19:56:25.122 12017 12068 I flutter : network-time: index 19 in 23
12-09 19:56:25.126 12017 12017 D MainActivity: in-plugin-processing-score: index 19 at 1733784985126
12-09 19:56:25.458 12017 12017 D CowBodyConditionScore: python-preprocessing-time-processing-score: index 19 in 113
12-09 19:56:25.458 12017 12017 D CowBodyConditionScore: detection-time-processing-score: index 19 in 208
12-09 19:56:25.458 12017 12017 D CowBodyConditionScore: job-processing-score: index 19 in 332
12-09 19:56:25.461 12017 12068 I flutter : before-plugin-processing-score: index 19 at 1733784985126
12-09 19:56:25.461 12017 12068 I flutter : saving-image-pre-processing-score: index 19 in 4
12-09 19:56:25.461 12017 12068 I flutter : calling-plugin-processing-score: index 19 calculate scored was called
12-09 19:56:25.461 12017 12068 I flutter : completed-processing-score: index 19 in 336 ms
12-09 19:56:26.336 12017 12068 I flutter : network-time: index 20 in 83
12-09 19:56:26.341 12017 12017 D MainActivity: in-plugin-processing-score: index 20 at 1733784986341
12-09 19:56:26.705 12017 12017 D CowBodyConditionScore: python-preprocessing-time-processing-score: index 20 in 153
12-09 19:56:26.705 12017 12017 D CowBodyConditionScore: detection-time-processing-score: index 20 in 201
12-09 19:56:26.705 12017 12017 D CowBodyConditionScore: job-processing-score: index 20 in 364
12-09 19:56:26.708 12017 12068 I flutter : before-plugin-processing-score: index 20 at 1733784986341
12-09 19:56:26.708 12017 12068 I flutter : saving-image-pre-processing-score: index 20 in 4
12-09 19:56:26.708 12017 12068 I flutter : calling-plugin-processing-score: index 20 calculate scored was called
12-09 19:56:26.708 12017 12068 I flutter : completed-processing-score: index 20 in 368 ms
12-09 19:56:27.382 12017 12068 I flutter : network-time: index 21 in 33
12-09 19:56:27.386 12017 12017 D MainActivity: in-plugin-processing-score: index 21 at 1733784987386
12-09 19:56:27.711 12017 12017 D CowBodyConditionScore: python-preprocessing-time-processing-score: index 21 in 114
12-09 19:56:27.711 12017 12017 D CowBodyConditionScore: detection-time-processing-score: index 21 in 199
12-09 19:56:27.711 12017 12017 D CowBodyConditionScore: job-processing-score: index 21 in 325
12-09 19:56:27.714 12017 12068 I flutter : before-plugin-processing-score: index 21 at 1733784987386
12-09 19:56:27.714 12017 12068 I flutter : saving-image-pre-processing-score: index 21 in 4
12-09 19:56:27.714 12017 12068 I flutter : calling-plugin-processing-score: index 21 calculate scored was called
12-09 19:56:27.714 12017 12068 I flutter : completed-processing-score: index 21 in 329 ms
12-09 19:56:28.486 12017 12068 I flutter : network-time: index 22 in 14
12-09 19:56:28.490 12017 12017 D MainActivity: in-plugin-processing-score: index 22 at 1733784988490
12-09 19:56:28.850 12017 12017 D CowBodyConditionScore: python-preprocessing-time-processing-score: index 22 in 150
12-09 19:56:28.850 12017 12017 D CowBodyConditionScore: detection-time-processing-score: index 22 in 200
12-09 19:56:28.850 12017 12017 D CowBodyConditionScore: job-processing-score: index 22 in 360
12-09 19:56:28.854 12017 12068 I flutter : before-plugin-processing-score: index 22 at 1733784988489
12-09 19:56:28.854 12017 12068 I flutter : saving-image-pre-processing-score: index 22 in 3
12-09 19:56:28.854 12017 12068 I flutter : calling-plugin-processing-score: index 22 calculate scored was called
12-09 19:56:28.854 12017 12068 I flutter : completed-processing-score: index 22 in 365 ms
12-09 19:56:29.842 12017 12068 I flutter : network-time: index 23 in 281
12-09 19:56:29.846 12017 12017 D MainActivity: in-plugin-processing-score: index 23 at 1733784989846
12-09 19:56:30.174 12017 12017 D CowBodyConditionScore: python-preprocessing-time-processing-score: index 23 in 111
12-09 19:56:30.174 12017 12017 D CowBodyConditionScore: detection-time-processing-score: index 23 in 205
12-09 19:56:30.174 12017 12017 D CowBodyConditionScore: job-processing-score: index 23 in 328
12-09 19:56:30.177 12017 12068 I flutter : before-plugin-processing-score: index 23 at 1733784989846
12-09 19:56:30.177 12017 12068 I flutter : saving-image-pre-processing-score: index 23 in 4
12-09 19:56:30.177 12017 12068 I flutter : calling-plugin-processing-score: index 23 calculate scored was called
12-09 19:56:30.177 12017 12068 I flutter : completed-processing-score: index 23 in 332 ms
12-09 19:56:30.723 12017 12068 I flutter : network-time: index 24 in -6
12-09 19:56:30.727 12017 12017 D MainActivity: in-plugin-processing-score: index 24 at 1733784990727
12-09 19:56:31.088 12017 12017 D CowBodyConditionScore: python-preprocessing-time-processing-score: index 24 in 153
12-09 19:56:31.088 12017 12017 D CowBodyConditionScore: detection-time-processing-score: index 24 in 198
12-09 19:56:31.088 12017 12017 D CowBodyConditionScore: job-processing-score: index 24 in 361
12-09 19:56:31.092 12017 12068 I flutter : before-plugin-processing-score: index 24 at 1733784990727
12-09 19:56:31.092 12017 12068 I flutter : saving-image-pre-processing-score: index 24 in 4
12-09 19:56:31.092 12017 12068 I flutter : calling-plugin-processing-score: index 24 calculate scored was called
12-09 19:56:31.092 12017 12068 I flutter : completed-processing-score: index 24 in 365 ms
12-09 19:56:31.991 12017 12068 I flutter : network-time: index 25 in 95
12-09 19:56:31.996 12017 12017 D MainActivity: in-plugin-processing-score: index 25 at 1733784991996
12-09 19:56:32.326 12017 12017 D CowBodyConditionScore: python-preprocessing-time-processing-score: index 25 in 111
12-09 19:56:32.326 12017 12017 D CowBodyConditionScore: detection-time-processing-score: index 25 in 204
12-09 19:56:32.326 12017 12017 D CowBodyConditionScore: job-processing-score: index 25 in 330
12-09 19:56:32.329 12017 12068 I flutter : before-plugin-processing-score: index 25 at 1733784991996
12-09 19:56:32.329 12017 12068 I flutter : saving-image-pre-processing-score: index 25 in 4
12-09 19:56:32.329 12017 12068 I flutter : calling-plugin-processing-score: index 25 calculate scored was called
12-09 19:56:32.329 12017 12068 I flutter : completed-processing-score: index 25 in 334 ms
12-09 19:56:33.086 12017 12068 I flutter : network-time: index 26 in 72
12-09 19:56:33.090 12017 12017 D MainActivity: in-plugin-processing-score: index 26 at 1733784993090
12-09 19:56:33.453 12017 12017 D CowBodyConditionScore: python-preprocessing-time-processing-score: index 26 in 152
12-09 19:56:33.453 12017 12017 D CowBodyConditionScore: detection-time-processing-score: index 26 in 201
12-09 19:56:33.453 12017 12017 D CowBodyConditionScore: job-processing-score: index 26 in 363
12-09 19:56:33.457 12017 12068 I flutter : before-plugin-processing-score: index 26 at 1733784993090
12-09 19:56:33.457 12017 12068 I flutter : saving-image-pre-processing-score: index 26 in 4
12-09 19:56:33.457 12017 12068 I flutter : calling-plugin-processing-score: index 26 calculate scored was called
12-09 19:56:33.457 12017 12068 I flutter : completed-processing-score: index 26 in 367 ms
12-09 19:56:34.159 12017 12068 I flutter : network-time: index 27 in 57
12-09 19:56:34.163 12017 12017 D MainActivity: in-plugin-processing-score: index 27 at 1733784994163
12-09 19:56:34.492 12017 12017 D CowBodyConditionScore: python-preprocessing-time-processing-score: index 27 in 110
12-09 19:56:34.492 12017 12017 D CowBodyConditionScore: detection-time-processing-score: index 27 in 210
12-09 19:56:34.492 12017 12017 D CowBodyConditionScore: job-processing-score: index 27 in 329
12-09 19:56:34.495 12017 12068 I flutter : before-plugin-processing-score: index 27 at 1733784994163
12-09 19:56:34.495 12017 12068 I flutter : saving-image-pre-processing-score: index 27 in 4
12-09 19:56:34.495 12017 12068 I flutter : calling-plugin-processing-score: index 27 calculate scored was called
12-09 19:56:34.495 12017 12068 I flutter : completed-processing-score: index 27 in 333 ms
12-09 19:56:35.236 12017 12068 I flutter : network-time: index 28 in -14
12-09 19:56:35.240 12017 12017 D MainActivity: in-plugin-processing-score: index 28 at 1733784995240
12-09 19:56:35.598 12017 12017 D CowBodyConditionScore: python-preprocessing-time-processing-score: index 28 in 148
12-09 19:56:35.598 12017 12017 D CowBodyConditionScore: detection-time-processing-score: index 28 in 199
12-09 19:56:35.598 12017 12017 D CowBodyConditionScore: job-processing-score: index 28 in 357
12-09 19:56:35.601 12017 12068 I flutter : before-plugin-processing-score: index 28 at 1733784995240
12-09 19:56:35.601 12017 12068 I flutter : saving-image-pre-processing-score: index 28 in 4
12-09 19:56:35.601 12017 12068 I flutter : calling-plugin-processing-score: index 28 calculate scored was called
12-09 19:56:35.601 12017 12068 I flutter : completed-processing-score: index 28 in 361 ms
12-09 19:56:36.382 12017 12068 I flutter : network-time: index 29 in 29
12-09 19:56:36.388 12017 12017 D MainActivity: in-plugin-processing-score: index 29 at 1733784996387
12-09 19:56:36.708 12017 12017 D CowBodyConditionScore: python-preprocessing-time-processing-score: index 29 in 112
12-09 19:56:36.708 12017 12017 D CowBodyConditionScore: detection-time-processing-score: index 29 in 200
12-09 19:56:36.708 12017 12017 D CowBodyConditionScore: job-processing-score: index 29 in 320
12-09 19:56:36.712 12017 12068 I flutter : before-plugin-processing-score: index 29 at 1733784996387
12-09 19:56:36.712 12017 12068 I flutter : saving-image-pre-processing-score: index 29 in 4
12-09 19:56:36.712 12017 12068 I flutter : calling-plugin-processing-score: index 29 calculate scored was called